00:00 [32m+0[0m: [1m[90m[VM, Source] loading test/progressbar_test.dart[0m[0m                                                                                                                                              00:01 [32m+0[0m: [1m[90m[VM, Source] loading test/progressbar_test.dart[0m[0m                                                                                                                                              00:01 [32m+0[0m: [1m[90m[VM, Source] loading test/log_test.dart[0m[0m                                                                                                                                                      00:01 [32m+0[0m: [VM, Source] test/log_test.dart: Log Functions Log() should print INFO message[0m                                                                                                               00:01 [32m+0[0m: [VM, Source] test/log_test.dart: Log Functions Log() should print INFO message[0m                                                                                                               
[INFO] Test message
[INFO] Test message
00:01 [32m+1[0m: [VM, Source] test/log_test.dart: Log Functions Log() should print INFO message[0m                                                                                                               00:01 [32m+1[0m: [VM, Source] test/log_test.dart: Log Functions Err() should print ERROR message with color codes[0m                                                                                             00:01 [32m+1[0m: [VM, Source] test/log_test.dart: Log Functions Err() should print ERROR message with color codes[0m                                                                                             
[1;31m[ERROR] Test error[0m
00:01 [32m+2[0m: [VM, Source] test/log_test.dart: Log Functions Err() should print ERROR message with color codes[0m                                                                                             00:01 [32m+2[0m: [VM, Source] test/log_test.dart: Log Functions Hint() should print HINT message[0m                                                                                                              00:01 [32m+2[0m: [VM, Source] test/log_test.dart: Log Functions Hint() should print HINT message[0m                                                                                                              
[33m[HINT] Test hint[0m
00:01 [32m+3[0m: [VM, Source] test/log_test.dart: Log Functions Hint() should print HINT message[0m                                                                                                              00:01 [32m+3[0m: [VM, Source] test/log_test.dart: Log Functions Suc() should print success message[0m                                                                                                            00:01 [32m+3[0m: [VM, Source] test/log_test.dart: Log Functions Suc() should print success message[0m                                                                                                            
[32m[INFO] Test success[0m
00:01 [32m+4[0m: [VM, Source] test/log_test.dart: Log Functions Suc() should print success message[0m                                                                                                            00:01 [32m+4[0m: [VM, Source] test/log_test.dart: Log Functions Ver() should not print when verbose is false[0m                                                                                                  00:01 [32m+5[0m: [VM, Source] test/log_test.dart: Log Functions Ver() should not print when verbose is false[0m                                                                                                  00:01 [32m+5[0m: [VM, Source] test/log_test.dart: Log Functions Ver() should print when verbose is true[0m                                                                                                       00:01 [32m+5[0m: [VM, Source] test/log_test.dart: Log Functions Ver() should print when verbose is true[0m                                                                                                       
[INFO] Verbose message
00:01 [32m+6[0m: [VM, Source] test/log_test.dart: Log Functions Ver() should print when verbose is true[0m                                                                                                       00:01 [32m+6[0m: [VM, Source] test/log_test.dart: Log Functions VerErr() should not print error when verbose is false[0m                                                                                         00:01 [32m+7[0m: [VM, Source] test/log_test.dart: Log Functions VerErr() should not print error when verbose is false[0m                                                                                         00:01 [32m+7[0m: [VM, Source] test/log_test.dart: Log Functions VerErr() should print error when verbose is true[0m                                                                                              00:01 [32m+7[0m: [VM, Source] test/log_test.dart: Log Functions VerErr() should print error when verbose is true[0m                                                                                              
[1;31m[ERROR] Verbose error[0m
00:01 [32m+8[0m: [VM, Source] test/log_test.dart: Log Functions VerErr() should print error when verbose is true[0m                                                                                              00:01 [32m+8[0m: [VM, Source] test/log_test.dart: Log Functions g_LoggerVerbose flag can be toggled[0m                                                                                                           00:01 [32m+9[0m: [VM, Source] test/log_test.dart: Log Functions g_LoggerVerbose flag can be toggled[0m                                                                                                           00:01 [32m+9[0m: [VM, Source] test/log_test.dart: Log Functions Err() handles newlines correctly[0m                                                                                                              00:01 [32m+9[0m: [VM, Source] test/log_test.dart: Log Functions Err() handles newlines correctly[0m                                                                                                              
[1;31m[ERROR] Line1
Line2[0m
[1;31m[ERROR] Line1
[0m00:01 [32m+10[0m: [VM, Source] test/log_test.dart: Log Functions Err() handles newlines correctly[0m                                                                                                             00:02 [32m+10[0m: [VM, Source] test/log_test.dart: Log Functions Err() handles newlines correctly[0m                                                                                                             00:02 [32m+10[0m: [1m[90m[VM, Source] loading test/hashing_test.dart[0m[0m                                                                                                                                                 00:02 [32m+10[0m: [VM, Source] test/hashing_test.dart: Hashing - DigestAccumulator DigestAccumulator initializes with empty events list[0m                                                                       00:02 [32m+11[0m: [VM, Source] test/hashing_test.dart: Hashing - DigestAccumulator DigestAccumulator initializes with empty events list[0m                                                                       00:02 [32m+11[0m: [VM, Source] test/hashing_test.dart: Hashing - DigestAccumulator DigestAccumulator.add() appends digest to events[0m                                                                           00:02 [32m+12[0m: [VM, Source] test/hashing_test.dart: Hashing - DigestAccumulator DigestAccumulator.add() appends digest to events[0m                                                                           00:02 [32m+12[0m: [VM, Source] test/hashing_test.dart: Hashing - DigestAccumulator DigestAccumulator.add() with multiple digests maintains order[0m                                                              00:02 [32m+13[0m: [VM, Source] test/hashing_test.dart: Hashing - DigestAccumulator DigestAccumulator.add() with multiple digests maintains order[0m                                                              00:02 [32m+13[0m: [VM, Source] test/hashing_test.dart: Hashing - DigestAccumulator DigestAccumulator.close() does nothing[0m                                                                                     00:02 [32m+14[0m: [VM, Source] test/hashing_test.dart: Hashing - DigestAccumulator DigestAccumulator.close() does nothing[0m                                                                                     00:02 [32m+14[0m: [VM, Source] test/hashing_test.dart: Hashing - DigestAccumulator DigestAccumulator can be used as Sink<Digest>[0m                                                                              00:02 [32m+15[0m: [VM, Source] test/hashing_test.dart: Hashing - DigestAccumulator DigestAccumulator can be used as Sink<Digest>[0m                                                                              00:02 [32m+15[0m: [VM, Source] test/hashing_test.dart: Hashing - DigestAccumulator DigestAccumulator with MD5 conversion pipeline[0m                                                                             00:02 [32m+16[0m: [VM, Source] test/hashing_test.dart: Hashing - DigestAccumulator DigestAccumulator with MD5 conversion pipeline[0m                                                                             00:02 [32m+16[0m: [VM, Source] test/hashing_test.dart: Hashing - DigestAccumulator DigestAccumulator with multiple chunked conversions[0m                                                                        00:02 [32m+17[0m: [VM, Source] test/hashing_test.dart: Hashing - DigestAccumulator DigestAccumulator with multiple chunked conversions[0m                                                                        00:02 [32m+17[0m: [VM, Source] test/hashing_test.dart: Hashing - DigestAccumulator DigestAccumulator events are immutable[0m                                                                                     00:02 [32m+18[0m: [VM, Source] test/hashing_test.dart: Hashing - DigestAccumulator DigestAccumulator events are immutable[0m                                                                                     00:02 [32m+18[0m: [VM, Source] test/hashing_test.dart: Hashing - DigestAccumulator DigestAccumulator with empty data[0m                                                                                          00:02 [32m+19[0m: [VM, Source] test/hashing_test.dart: Hashing - DigestAccumulator DigestAccumulator with empty data[0m                                                                                          00:02 [32m+19[0m: [VM, Source] test/hashing_test.dart: MD5 Hashing Integration Can hash empty data[0m                                                                                                            00:02 [32m+20[0m: [VM, Source] test/hashing_test.dart: MD5 Hashing Integration Can hash empty data[0m                                                                                                            00:02 [32m+20[0m: [VM, Source] test/hashing_test.dart: MD5 Hashing Integration Can hash small data in one chunk[0m                                                                                               00:02 [32m+21[0m: [VM, Source] test/hashing_test.dart: MD5 Hashing Integration Can hash small data in one chunk[0m                                                                                               00:02 [32m+21[0m: [VM, Source] test/hashing_test.dart: MD5 Hashing Integration Can hash data split across multiple chunks[0m                                                                                     00:02 [32m+22[0m: [VM, Source] test/hashing_test.dart: MD5 Hashing Integration Can hash data split across multiple chunks[0m                                                                                     00:02 [32m+22[0m: [VM, Source] test/hashing_test.dart: MD5 Hashing Integration Large data hashing[0m                                                                                                             00:02 [32m+23[0m: [VM, Source] test/hashing_test.dart: MD5 Hashing Integration Large data hashing[0m                                                                                                             00:02 [32m+23[0m: [1m[90m[VM, Source] loading test/sender_test.dart[0m[0m                                                                                                                                                  00:02 [32m+23[0m: [VM, Source] test/sender_test.dart: Sender - Unit Tests SetupSocketSender() SetupSocketSender() with valid IP and port returns socket[0m                                                       00:03 [32m+23[0m: [VM, Source] test/sender_test.dart: Sender - Unit Tests SetupSocketSender() SetupSocketSender() with valid IP and port returns socket[0m                                                       00:03 [32m+24[0m: [VM, Source] test/sender_test.dart: Sender - Unit Tests SetupSocketSender() SetupSocketSender() with valid IP and port returns socket[0m                                                       00:03 [32m+25[0m: [VM, Source] test/sender_test.dart: Sender - Unit Tests SetupSocketSender() SetupSocketSender() with valid IP and port returns socket[0m                                                       00:03 [32m+26[0m: [VM, Source] test/sender_test.dart: Sender - Unit Tests SetupSocketSender() SetupSocketSender() with valid IP and port returns socket[0m                                                       [###############----------------] 50.00% (50|100)00:03 [32m+27[0m: [VM, Source] test/sender_test.dart: Sender - Unit Tests SetupSocketSender() SetupSocketSender() with valid IP and port returns socket[0m                                                       [###############################] 100.00% (100|100)00:03 [32m+28[0m: [VM, Source] test/sender_test.dart: Sender - Unit Tests SetupSocketSender() SetupSocketSender() with valid IP and port returns socket[0m                                                       [###----------------------------] 10.00% (10|100)[######-------------------------] 20.00% (20|100)[#########----------------------] 30.00% (30|100)[############-------------------] 40.00% (40|100)[###############----------------] 50.00% (50|100)[##################-------------] 60.00% (60|100)[#####################----------] 70.00% (70|100)[########################-------] 80.00% (80|100)[###########################----] 90.00% (90|100)[###############################] 100.00% (100|100)00:03 [32m+29[0m: [VM, Source] test/sender_test.dart: Sender - Unit Tests SetupSocketSender() SetupSocketSender() with valid IP and port returns socket[0m                                                       [###############----------------] 50.00% (5000000|10000000)00:03 [32m+30[0m: [VM, Source] test/sender_test.dart: Sender - Unit Tests SetupSocketSender() SetupSocketSender() with valid IP and port returns socket[0m                                                       [###############################] 100.00% (100|100)00:03 [32m+31[0m: [VM, Source] test/sender_test.dart: Sender - Unit Tests SetupSocketSender() SetupSocketSender() with valid IP and port returns socket[0m                                                       [###############################] 100.00% (1|1)00:03 [32m+32[0m: [VM, Source] test/sender_test.dart: Sender - Unit Tests SetupSocketSender() SetupSocketSender() with valid IP and port returns socket[0m                                                       [###############################] 105.00% (105|100)00:03 [32m+33[0m: [VM, Source] test/sender_test.dart: Sender - Unit Tests SetupSocketSender() SetupSocketSender() with valid IP and port returns socket[0m                                                       00:03 [32m+34[0m: [VM, Source] test/sender_test.dart: Sender - Unit Tests SetupSocketSender() SetupSocketSender() with valid IP and port returns socket[0m                                                       [#######------------------------] 25.00% (25|100)[###############----------------] 50.00% (50|100)[#######################--------] 75.00% (75|100)[###############################] 100.00% (100|100)[#######------------------------] 25.00% (25|100)[###############----------------] 50.00% (50|100)[#######################--------] 75.00% (75|100)[###############################] 100.00% (100|100)[#######------------------------] 25.00% (25|100)[###############----------------] 50.00% (50|100)[#######################--------] 75.00% (75|100)[###############################] 100.00% (100|100)[#######------------------------] 25.00% (25|100)[###############----------------] 50.00% (50|100)[#######################--------] 75.00% (75|100)[###############################] 100.00% (100|100)[#######------------------------] 25.00% (25|100)[###############----------------] 50.00% (50|100)[#######################--------] 75.00% (75|100)[###############################] 100.00% (100|100)00:03 [32m+35[0m: [VM, Source] test/sender_test.dart: Sender - Unit Tests SetupSocketSender() SetupSocketSender() with valid IP and port returns socket[0m                                                       [#######------------------------] 25.00% (25|100)[###############----------------] 50.00% (50|100)[#######################--------] 75.00% (75|100)[###############################] 100.00% (100|100)00:03 [32m+36[0m: [VM, Source] test/sender_test.dart: Sender - Unit Tests SetupSocketSender() SetupSocketSender() with valid IP and port returns socket[0m                                                       [#------------------------------] 5.00% (50|1000)[###----------------------------] 10.00% (100|1000)[####---------------------------] 15.00% (150|1000)[######-------------------------] 20.00% (200|1000)[#######------------------------] 25.00% (250|1000)[#########----------------------] 30.00% (300|1000)[##########---------------------] 35.00% (350|1000)[############-------------------] 40.00% (400|1000)[#############------------------] 45.00% (450|1000)[###############----------------] 50.00% (500|1000)[#################--------------] 55.00% (550|1000)[##################-------------] 60.00% (600|1000)[####################-----------] 65.00% (650|1000)[#####################----------] 70.00% (700|1000)[#######################--------] 75.00% (750|1000)[########################-------] 80.00% (800|1000)[##########################-----] 85.00% (850|1000)[###########################----] 90.00% (900|1000)[#############################--] 95.00% (950|1000)00:03 [32m+37[0m: [VM, Source] test/sender_test.dart: Sender - Unit Tests SetupSocketSender() SetupSocketSender() with valid IP and port returns socket[0m                                                       [##########---------------------] 33.00% (33|100)[####################-----------] 66.00% (66|100)00:03 [32m+38[0m: [VM, Source] test/sender_test.dart: Sender - Unit Tests SetupSocketSender() SetupSocketSender() with valid IP and port returns socket[0m                                                       [###############----------------] 50.00% (50|100)[###----------------------------] 10.00% (10|100)00:03 [32m+39[0m: [VM, Source] test/sender_test.dart: Sender - Unit Tests SetupSocketSender() SetupSocketSender() with valid IP and port returns socket[0m                                                       [##########---------------------] 33.33% (1|3)[####################-----------] 66.67% (2|3)[###############################] 100.00% (3|3)00:03 [32m+40[0m: [VM, Source] test/sender_test.dart: Sender - Unit Tests SetupSocketSender() SetupSocketSender() with valid IP and port returns socket[0m                                                       00:03 [32m+41[0m: [VM, Source] test/sender_test.dart: Sender - Unit Tests SetupSocketSender() SetupSocketSender() with valid IP and port returns socket[0m                                                       [###############----------------] 50.00% (512|1024)00:03 [32m+42[0m: [VM, Source] test/sender_test.dart: Sender - Unit Tests SetupSocketSender() SetupSocketSender() with valid IP and port returns socket[0m                                                       00:04 [32m+42[0m: [VM, Source] test/sender_test.dart: Sender - Unit Tests SetupSocketSender() SetupSocketSender() with valid IP and port returns socket[0m                                                       00:04 [32m+43[0m: [VM, Source] test/sender_test.dart: Sender - Unit Tests SetupSocketSender() SetupSocketSender() with valid IP and port returns socket[0m                                                       00:04 [32m+44[0m: [VM, Source] test/sender_test.dart: Sender - Unit Tests SetupSocketSender() SetupSocketSender() with valid IP and port returns socket[0m                                                       00:04 [32m+45[0m: [VM, Source] test/sender_test.dart: Sender - Unit Tests SetupSocketSender() SetupSocketSender() with valid IP and port returns socket[0m                                                       00:04 [32m+46[0m: [VM, Source] test/sender_test.dart: Sender - Unit Tests SetupSocketSender() SetupSocketSender() with valid IP and port returns socket[0m                                                       00:04 [32m+47[0m: [VM, Source] test/sender_test.dart: Sender - Unit Tests SetupSocketSender() SetupSocketSender() with valid IP and port returns socket[0m                                                       00:04 [32m+47[0m: [VM, Source] test/config_test.dart: NshareConfig.fromArgs() fromArgs() with --help returns null[0m                                                                                             
Usage: dart [options]
Options:
  -h  | --help              Display this information
  -v  | --verbose           Print verbose output for additional information
  -i  | --input=<file>      Set the input file/folder name
  -o  | --output=<file>     Set the output file/folder name (default: file name of sender)
  -ip | --ip=<address>      Set the ip address of the receiver (default: search in local network)
  -p  | --port=<port>       Set the port to listen/send to (default: 80 [needs to be identical for sender / receiver])
  -d  | --discovery=<port>  Set the port auto detection, needs to be the same for sender/receiver (default: 1970)
  -b  | --bind=<port>       Set the port auto detection, needs to be the same for sender/receiver (default: 1971)
  -t  | --timer             Measure execution time
  -ka | --keep-all          Keep files if the checksum doesn't match (default: ask every time)
  -kn | --keep-none         Delete files if the checksum doesn't match (default: ask every time)
  -c  | --check             After receiving and writing the files check them again for integrity corruption
  -s  | --skip              Skip search for devices in local network (needs to be set for sender and receiver)

If neither an input nor an output file is specified, the default one will be used and the operating mode is receiver
In case you encounter problems related to the ports while looking for the receiver in you local network
try to set the discovery (--discovery) and the bind (--bind) port manually
00:04 [32m+48[0m: [VM, Source] test/sender_test.dart: Sender - Unit Tests SetupSocketSender() SetupSocketSender() with valid IP and port returns socket[0m                                                       00:04 [32m+48[0m: [VM, Source] test/config_test.dart: NshareConfig.fromArgs() fromArgs() with -h returns null[0m                                                                                                 
Usage: dart [options]
Options:
  -h  | --help              Display this information
  -v  | --verbose           Print verbose output for additional information
  -i  | --input=<file>      Set the input file/folder name
  -o  | --output=<file>     Set the output file/folder name (default: file name of sender)
  -ip | --ip=<address>      Set the ip address of the receiver (default: search in local network)
  -p  | --port=<port>       Set the port to listen/send to (default: 80 [needs to be identical for sender / receiver])
  -d  | --discovery=<port>  Set the port auto detection, needs to be the same for sender/receiver (default: 1970)
  -b  | --bind=<port>       Set the port auto detection, needs to be the same for sender/receiver (default: 1971)
  -t  | --timer             Measure execution time
  -ka | --keep-all          Keep files if the checksum doesn't match (default: ask every time)
  -kn | --keep-none         Delete files if the checksum doesn't match (default: ask every time)
  -c  | --check             After receiving and writing the files check them again for integrity corruption
  -s  | --skip              Skip search for devices in local network (needs to be set for sender and receiver)

If neither an input nor an output file is specified, the default one will be used and the operating mode is receiver
In case you encounter problems related to the ports while looking for the receiver in you local network
try to set the discovery (--discovery) and the bind (--bind) port manually
00:04 [32m+49[0m: [VM, Source] test/sender_test.dart: Sender - Unit Tests SetupSocketSender() SetupSocketSender() with valid IP and port returns socket[0m                                                       00:04 [32m+50[0m: [VM, Source] test/sender_test.dart: Sender - Unit Tests SetupSocketSender() SetupSocketSender() with valid IP and port returns socket[0m                                                       00:04 [32m+51[0m: [VM, Source] test/sender_test.dart: Sender - Unit Tests SetupSocketSender() SetupSocketSender() with valid IP and port returns socket[0m                                                       00:04 [32m+52[0m: [VM, Source] test/sender_test.dart: Sender - Unit Tests SetupSocketSender() SetupSocketSender() with valid IP and port returns socket[0m                                                       00:04 [32m+53[0m: [VM, Source] test/sender_test.dart: Sender - Unit Tests SetupSocketSender() SetupSocketSender() with valid IP and port returns socket[0m                                                       00:04 [32m+54[0m: [VM, Source] test/sender_test.dart: Sender - Unit Tests SetupSocketSender() SetupSocketSender() with valid IP and port returns socket[0m                                                       00:04 [32m+55[0m: [VM, Source] test/sender_test.dart: Sender - Unit Tests SetupSocketSender() SetupSocketSender() with valid IP and port returns socket[0m                                                       00:04 [32m+56[0m: [VM, Source] test/sender_test.dart: Sender - Unit Tests SetupSocketSender() SetupSocketSender() with valid IP and port returns socket[0m                                                       00:04 [32m+57[0m: [VM, Source] test/sender_test.dart: Sender - Unit Tests SetupSocketSender() SetupSocketSender() with valid IP and port returns socket[0m                                                       00:04 [32m+58[0m: [VM, Source] test/sender_test.dart: Sender - Unit Tests SetupSocketSender() SetupSocketSender() with valid IP and port returns socket[0m                                                       00:04 [32m+59[0m: [VM, Source] test/sender_test.dart: Sender - Unit Tests SetupSocketSender() SetupSocketSender() with valid IP and port returns socket[0m                                                       00:04 [32m+60[0m: [VM, Source] test/sender_test.dart: Sender - Unit Tests SetupSocketSender() SetupSocketSender() with valid IP and port returns socket[0m                                                       00:04 [32m+61[0m: [VM, Source] test/sender_test.dart: Sender - Unit Tests SetupSocketSender() SetupSocketSender() with valid IP and port returns socket[0m                                                       00:04 [32m+62[0m: [VM, Source] test/sender_test.dart: Sender - Unit Tests SetupSocketSender() SetupSocketSender() with valid IP and port returns socket[0m                                                       00:04 [32m+63[0m: [VM, Source] test/sender_test.dart: Sender - Unit Tests SetupSocketSender() SetupSocketSender() with valid IP and port returns socket[0m                                                       00:04 [32m+64[0m: [VM, Source] test/sender_test.dart: Sender - Unit Tests SetupSocketSender() SetupSocketSender() with valid IP and port returns socket[0m                                                       00:04 [32m+65[0m: [VM, Source] test/sender_test.dart: Sender - Unit Tests SetupSocketSender() SetupSocketSender() with valid IP and port returns socket[0m                                                       00:04 [32m+66[0m: [VM, Source] test/sender_test.dart: Sender - Unit Tests SetupSocketSender() SetupSocketSender() with valid IP and port returns socket[0m                                                       00:04 [32m+67[0m: [VM, Source] test/sender_test.dart: Sender - Unit Tests SetupSocketSender() SetupSocketSender() with valid IP and port returns socket[0m                                                       00:04 [32m+68[0m: [VM, Source] test/sender_test.dart: Sender - Unit Tests SetupSocketSender() SetupSocketSender() with valid IP and port returns socket[0m                                                       00:04 [32m+69[0m: [VM, Source] test/sender_test.dart: Sender - Unit Tests SetupSocketSender() SetupSocketSender() with valid IP and port returns socket[0m                                                       00:04 [32m+70[0m: [VM, Source] test/sender_test.dart: Sender - Unit Tests SetupSocketSender() SetupSocketSender() with valid IP and port returns socket[0m                                                       00:04 [32m+71[0m: [VM, Source] test/sender_test.dart: Sender - Unit Tests SetupSocketSender() SetupSocketSender() with valid IP and port returns socket[0m                                                       00:04 [32m+72[0m: [VM, Source] test/sender_test.dart: Sender - Unit Tests SetupSocketSender() SetupSocketSender() with valid IP and port returns socket[0m                                                       00:04 [32m+73[0m: [VM, Source] test/sender_test.dart: Sender - Unit Tests SetupSocketSender() SetupSocketSender() with valid IP and port returns socket[0m                                                       00:04 [32m+74[0m: [VM, Source] test/sender_test.dart: Sender - Unit Tests SetupSocketSender() SetupSocketSender() with valid IP and port returns socket[0m                                                       00:04 [32m+75[0m: [VM, Source] test/sender_test.dart: Sender - Unit Tests SetupSocketSender() SetupSocketSender() with valid IP and port returns socket[0m                                                       00:04 [32m+76[0m: [VM, Source] test/sender_test.dart: Sender - Unit Tests SetupSocketSender() SetupSocketSender() with valid IP and port returns socket[0m                                                       00:04 [32m+77[0m: [VM, Source] test/sender_test.dart: Sender - Unit Tests SetupSocketSender() SetupSocketSender() with valid IP and port returns socket[0m                                                       00:04 [32m+78[0m: [VM, Source] test/sender_test.dart: Sender - Unit Tests SetupSocketSender() SetupSocketSender() with valid IP and port returns socket[0m                                                       00:04 [32m+79[0m: [VM, Source] test/sender_test.dart: Sender - Unit Tests SetupSocketSender() SetupSocketSender() with valid IP and port returns socket[0m                                                       00:05 [32m+79[0m: [VM, Source] test/sender_test.dart: Sender - Unit Tests SetupSocketSender() SetupSocketSender() with valid IP and port returns socket[0m                                                       00:05 [32m+79[0m: [VM, Source] test/receiver_test.dart: Receiver - Unit Tests checkIntegrity() checkIntegrity() with matching hash returns true[0m                                                               
[32m[INFO] Passed integrity check MD5: d41d8cd98f00b204e9800998ecf8427e 'test.txt'[0m
00:05 [32m+80[0m: [VM, Source] test/sender_test.dart: Sender - Unit Tests SetupSocketSender() SetupSocketSender() with valid IP and port returns socket[0m                                                       00:05 [32m+80[0m: [VM, Source] test/receiver_test.dart: Receiver - Unit Tests checkIntegrity() checkIntegrity() with mismatched hash returns false[0m                                                            
[33m[HINT] 'test.txt' MD5 hash doesn't match, integrity compromised
Expected hash:   d41d8cd98f00b204e9800998ecf8427e
Calculated hash: 5d41402abc4b2a76b9719d911017c592[0m
00:05 [32m+81[0m: [VM, Source] test/sender_test.dart: Sender - Unit Tests SetupSocketSender() SetupSocketSender() with valid IP and port returns socket[0m                                                       00:05 [32m+81[0m: [VM, Source] test/receiver_test.dart: Receiver - Unit Tests checkIntegrity() checkIntegrity() handles different file names[0m                                                                  
[32m[INFO] Passed integrity check MD5: d41d8cd98f00b204e9800998ecf8427e 'path/to/deep/nested/file.txt'[0m
00:05 [32m+82[0m: [VM, Source] test/sender_test.dart: Sender - Unit Tests SetupSocketSender() SetupSocketSender() with valid IP and port returns socket[0m                                                       00:05 [32m+82[0m: [VM, Source] test/receiver_test.dart: Receiver - Unit Tests checkIntegrity() checkIntegrity() with empty hash strings[0m                                                                       
[32m[INFO] Passed integrity check MD5:  'file.txt'[0m
00:05 [32m+83[0m: [VM, Source] test/sender_test.dart: Sender - Unit Tests SetupSocketSender() SetupSocketSender() with valid IP and port returns socket[0m                                                       00:05 [32m+84[0m: [VM, Source] test/sender_test.dart: Sender - Unit Tests SetupSocketSender() SetupSocketSender() with valid IP and port returns socket[0m                                                       00:05 [32m+85[0m: [VM, Source] test/sender_test.dart: Sender - Unit Tests SetupSocketSender() SetupSocketSender() with valid IP and port returns socket[0m                                                       00:05 [32m+85[0m: [VM, Source] test/receiver_test.dart: Receiver - Unit Tests setupSocketReceiver() setupSocketReceiver() handles port binding errors gracefully[0m                                              
[1;31m[ERROR] Failed to bind socket to port 80 reason: Failed to create server socket[0m
00:05 [32m+86[0m: [VM, Source] test/sender_test.dart: Sender - Unit Tests SetupSocketSender() SetupSocketSender() with valid IP and port returns socket[0m                                                       00:05 [32m+87[0m: [VM, Source] test/sender_test.dart: Sender - Unit Tests SetupSocketSender() SetupSocketSender() with valid IP and port returns socket[0m                                                       00:05 [32m+87[0m: [VM, Source] test/receiver_test.dart: Receiver - Unit Tests FindSender() FindSender() initiates UDP listener[0m                                                                                
[INFO] Find sender, discovery port: 1970, bind port: 1971
00:05 [32m+88[0m: [VM, Source] test/sender_test.dart: Sender - Unit Tests SetupSocketSender() SetupSocketSender() with valid IP and port returns socket[0m                                                       00:05 [32m+88[0m: [VM, Source] test/receiver_test.dart: Receiver - Unit Tests verifyFiles() verifyFiles() with matching file hashes[0m                                                                           
[INFO] 
=======================Verifying=======================
[###############################] 100.00% (12|12)[32m[INFO] Passed integrity check MD5: 9473fdd0d880a43c21b7778d34872157 '/tmp/nshare_receiver_test_KUNJEL/verify_test.txt'[0m
[INFO] Correct files: 1, corrupted files 0
00:05 [32m+89[0m: [VM, Source] test/sender_test.dart: Sender - Unit Tests SetupSocketSender() SetupSocketSender() with valid IP and port returns socket[0m                                                       00:05 [32m+89[0m: [VM, Source] test/receiver_test.dart: Receiver - Unit Tests verifyFiles() verifyFiles() with multiple files[0m                                                                                 
[INFO] 
=======================Verifying=======================
[###############################] 100.00% (8|8)[32m[INFO] Passed integrity check MD5: 7e55db001d319a94b0b713529a756623 '/tmp/nshare_receiver_test_HVFWDC/file1.txt'[0m
[###############################] 100.00% (8|8)[32m[INFO] Passed integrity check MD5: eea670f4ac941df71a3b5f268ebe3eac '/tmp/nshare_receiver_test_HVFWDC/file2.txt'[0m
[INFO] Correct files: 2, corrupted files 0
00:05 [32m+90[0m: [VM, Source] test/sender_test.dart: Sender - Unit Tests SetupSocketSender() SetupSocketSender() with valid IP and port returns socket[0m                                                       00:05 [32m+90[0m: [VM, Source] test/receiver_test.dart: Receiver - Unit Tests verifyFiles() verifyFiles() with non-existent file[0m                                                                              
[INFO] 
=======================Verifying=======================
[INFO] Correct files: 1, corrupted files 0
00:05 [32m+91[0m: [VM, Source] test/sender_test.dart: Sender - Unit Tests SetupSocketSender() SetupSocketSender() with valid IP and port returns socket[0m                                                       00:05 [32m+91[0m: [VM, Source] test/receiver_test.dart: Receiver - Unit Tests verifyFiles() verifyFiles() with directory path[0m                                                                                 
[INFO] 
=======================Verifying=======================
[INFO] Correct files: 1, corrupted files 0
00:05 [32m+92[0m: [VM, Source] test/sender_test.dart: Sender - Unit Tests SetupSocketSender() SetupSocketSender() with valid IP and port returns socket[0m                                                       00:05 [32m+93[0m: [VM, Source] test/sender_test.dart: Sender - Unit Tests SetupSocketSender() SetupSocketSender() with valid IP and port returns socket[0m                                                       00:05 [32m+94[0m: [VM, Source] test/sender_test.dart: Sender - Unit Tests SetupSocketSender() SetupSocketSender() with valid IP and port returns socket[0m                                                       00:05 [32m+95[0m: [VM, Source] test/sender_test.dart: Sender - Unit Tests SetupSocketSender() SetupSocketSender() with valid IP and port returns socket[0m                                                       00:05 [32m+96[0m: [VM, Source] test/sender_test.dart: Sender - Unit Tests SetupSocketSender() SetupSocketSender() with valid IP and port returns socket[0m                                                       00:05 [32m+97[0m: [VM, Source] test/sender_test.dart: Sender - Unit Tests SetupSocketSender() SetupSocketSender() with valid IP and port returns socket[0m                                                       00:05 [32m+98[0m: [VM, Source] test/sender_test.dart: Sender - Unit Tests SetupSocketSender() SetupSocketSender() with valid IP and port returns socket[0m                                                       00:05 [32m+99[0m: [VM, Source] test/sender_test.dart: Sender - Unit Tests SetupSocketSender() SetupSocketSender() with valid IP and port returns socket[0m                                                       00:05 [32m+100[0m: [VM, Source] test/sender_test.dart: Sender - Unit Tests SetupSocketSender() SetupSocketSender() with valid IP and port returns socket[0m                                                      00:05 [32m+101[0m: [VM, Source] test/sender_test.dart: Sender - Unit Tests SetupSocketSender() SetupSocketSender() with valid IP and port returns socket[0m                                                      00:05 [32m+102[0m: [VM, Source] test/sender_test.dart: Sender - Unit Tests SetupSocketSender() SetupSocketSender() with valid IP and port returns socket[0m                                                      00:05 [32m+103[0m: [VM, Source] test/sender_test.dart: Sender - Unit Tests SetupSocketSender() SetupSocketSender() with valid IP and port returns socket[0m                                                      00:05 [32m+104[0m: [VM, Source] test/sender_test.dart: Sender - Unit Tests SetupSocketSender() SetupSocketSender() with valid IP and port returns socket[0m                                                      00:05 [32m+105[0m: [VM, Source] test/sender_test.dart: Sender - Unit Tests SetupSocketSender() SetupSocketSender() with valid IP and port returns socket[0m                                                      00:05 [32m+106[0m: [VM, Source] test/sender_test.dart: Sender - Unit Tests SetupSocketSender() SetupSocketSender() with valid IP and port returns socket[0m                                                      00:05 [32m+107[0m: [VM, Source] test/sender_test.dart: Sender - Unit Tests SetupSocketSender() SetupSocketSender() with valid IP and port returns socket[0m                                                      00:05 [32m+108[0m: [VM, Source] test/sender_test.dart: Sender - Unit Tests SetupSocketSender() SetupSocketSender() with valid IP and port returns socket[0m                                                      00:05 [32m+109[0m: [VM, Source] test/sender_test.dart: Sender - Unit Tests SetupSocketSender() SetupSocketSender() with valid IP and port returns socket[0m                                                      00:05 [32m+109[0m: [VM, Source] test/receiver_test.dart: Receiver - Integration Tests File integrity check after reception[0m                                                                                    
[32m[INFO] Passed integrity check MD5: cf02f338df035569b4d4f57279cf45ba '/tmp/nshare_receiver_test_ONKWFL/integrity_check.txt'[0m
00:05 [32m+110[0m: [VM, Source] test/sender_test.dart: Sender - Unit Tests SetupSocketSender() SetupSocketSender() with valid IP and port returns socket[0m                                                      00:05 [32m+110[0m: [VM, Source] test/receiver_test.dart: Receiver - Integration Tests Corrupted file detection[0m                                                                                                
[33m[HINT] 'corrupted.txt' MD5 hash doesn't match, integrity compromised
Expected hash:   d41d8cd98f00b204e9800998ecf8427e
Calculated hash: 5d41402abc4b2a76b9719d911017c592[0m
00:05 [32m+111[0m: [VM, Source] test/sender_test.dart: Sender - Unit Tests SetupSocketSender() SetupSocketSender() with valid IP and port returns socket[0m                                                      00:05 [32m+112[0m: [VM, Source] test/sender_test.dart: Sender - Unit Tests SetupSocketSender() SetupSocketSender() with valid IP and port returns socket[0m                                                      00:05 [32m+113[0m: [VM, Source] test/sender_test.dart: Sender - Unit Tests SetupSocketSender() SetupSocketSender() with valid IP and port returns socket[0m                                                      00:05 [32m+114[0m: [VM, Source] test/sender_test.dart: Sender - Unit Tests SetupSocketSender() SetupSocketSender() with valid IP and port returns socket[0m                                                      00:05 [32m+115[0m: [VM, Source] test/sender_test.dart: Sender - Unit Tests SetupSocketSender() SetupSocketSender() with valid IP and port returns socket[0m                                                      00:05 [32m+116[0m: [VM, Source] test/sender_test.dart: Sender - Unit Tests SetupSocketSender() SetupSocketSender() with valid IP and port returns socket[0m                                                      00:05 [32m+117[0m: [VM, Source] test/sender_test.dart: Sender - Unit Tests SetupSocketSender() SetupSocketSender() with valid IP and port returns socket[0m                                                      00:05 [32m+118[0m: [VM, Source] test/sender_test.dart: Sender - Unit Tests SetupSocketSender() SetupSocketSender() with valid IP and port returns socket[0m                                                      00:05 [32m+119[0m: [VM, Source] test/sender_test.dart: Sender - Unit Tests SetupSocketSender() SetupSocketSender() with valid IP and port returns socket[0m                                                      00:05 [32m+120[0m: [VM, Source] test/sender_test.dart: Sender - Unit Tests SetupSocketSender() SetupSocketSender() with valid IP and port returns socket[0m                                                      00:05 [32m+121[0m: [VM, Source] test/sender_test.dart: Sender - Unit Tests SetupSocketSender() SetupSocketSender() with valid IP and port returns socket[0m                                                      00:05 [32m+122[0m: [VM, Source] test/sender_test.dart: Sender - Unit Tests SetupSocketSender() SetupSocketSender() with valid IP and port returns socket[0m                                                      00:05 [32m+123[0m: [VM, Source] test/sender_test.dart: Sender - Unit Tests SetupSocketSender() SetupSocketSender() with valid IP and port returns socket[0m                                                      00:05 [32m+124[0m: [VM, Source] test/sender_test.dart: Sender - Unit Tests SetupSocketSender() SetupSocketSender() with valid IP and port returns socket[0m                                                      00:05 [32m+125[0m: [VM, Source] test/sender_test.dart: Sender - Unit Tests SetupSocketSender() SetupSocketSender() with valid IP and port returns socket[0m                                                      00:05 [32m+126[0m: [VM, Source] test/sender_test.dart: Sender - Unit Tests SetupSocketSender() SetupSocketSender() with valid IP and port returns socket[0m                                                      00:05 [32m+127[0m: [VM, Source] test/sender_test.dart: Sender - Unit Tests SetupSocketSender() SetupSocketSender() with valid IP and port returns socket[0m                                                      00:05 [32m+128[0m: [VM, Source] test/sender_test.dart: Sender - Unit Tests SetupSocketSender() SetupSocketSender() with valid IP and port returns socket[0m                                                      00:05 [32m+129[0m: [VM, Source] test/sender_test.dart: Sender - Unit Tests SetupSocketSender() SetupSocketSender() with valid IP and port returns socket[0m                                                      00:05 [32m+130[0m: [VM, Source] test/sender_test.dart: Sender - Unit Tests SetupSocketSender() SetupSocketSender() with valid IP and port returns socket[0m                                                      00:05 [32m+131[0m: [VM, Source] test/sender_test.dart: Sender - Unit Tests SetupSocketSender() SetupSocketSender() with valid IP and port returns socket[0m                                                      00:05 [32m+132[0m: [VM, Source] test/sender_test.dart: Sender - Unit Tests SetupSocketSender() SetupSocketSender() with valid IP and port returns socket[0m                                                      00:05 [32m+133[0m: [VM, Source] test/sender_test.dart: Sender - Unit Tests SetupSocketSender() SetupSocketSender() with valid IP and port returns socket[0m                                                      00:05 [32m+134[0m: [VM, Source] test/sender_test.dart: Sender - Unit Tests SetupSocketSender() SetupSocketSender() with valid IP and port returns socket[0m                                                      00:06 [32m+134[0m: [VM, Source] test/sender_test.dart: Sender - Unit Tests SetupSocketSender() SetupSocketSender() with valid IP and port returns socket[0m                                                      00:06 [32m+135[0m: [VM, Source] test/sender_test.dart: Sender - Unit Tests SetupSocketSender() SetupSocketSender() with valid IP and port returns socket[0m                                                      00:06 [32m+136[0m: [VM, Source] test/sender_test.dart: Sender - Unit Tests SetupSocketSender() SetupSocketSender() with valid IP and port returns socket[0m                                                      00:06 [32m+137[0m: [VM, Source] test/sender_test.dart: Sender - Unit Tests SetupSocketSender() SetupSocketSender() with valid IP and port returns socket[0m                                                      00:06 [32m+138[0m: [VM, Source] test/sender_test.dart: Sender - Unit Tests SetupSocketSender() SetupSocketSender() with valid IP and port returns socket[0m                                                      00:06 [32m+139[0m: [VM, Source] test/sender_test.dart: Sender - Unit Tests SetupSocketSender() SetupSocketSender() with valid IP and port returns socket[0m                                                      00:06 [32m+140[0m: [VM, Source] test/sender_test.dart: Sender - Unit Tests SetupSocketSender() SetupSocketSender() with valid IP and port returns socket[0m                                                      00:06 [32m+141[0m: [VM, Source] test/sender_test.dart: Sender - Unit Tests SetupSocketSender() SetupSocketSender() with valid IP and port returns socket[0m                                                      00:06 [32m+142[0m: [VM, Source] test/sender_test.dart: Sender - Unit Tests SetupSocketSender() SetupSocketSender() with valid IP and port returns socket[0m                                                      [###----------------------------] 10.00% (100|1000)[######-------------------------] 20.00% (200|1000)[#########----------------------] 30.00% (300|1000)[############-------------------] 40.00% (400|1000)[###############----------------] 50.00% (500|1000)[##################-------------] 60.00% (600|1000)[#####################----------] 70.00% (700|1000)[########################-------] 80.00% (800|1000)[###########################----] 90.00% (900|1000)[###############################] 100.00% (1000|1000)00:06 [32m+143[0m: [VM, Source] test/sender_test.dart: Sender - Unit Tests SetupSocketSender() SetupSocketSender() with valid IP and port returns socket[0m                                                      00:06 [32m+144[0m: [VM, Source] test/sender_test.dart: Sender - Unit Tests SetupSocketSender() SetupSocketSender() with valid IP and port returns socket[0m                                                      00:06 [32m+145[0m: [VM, Source] test/sender_test.dart: Sender - Unit Tests SetupSocketSender() SetupSocketSender() with valid IP and port returns socket[0m                                                      00:06 [32m+146[0m: [VM, Source] test/sender_test.dart: Sender - Unit Tests SetupSocketSender() SetupSocketSender() with valid IP and port returns socket[0m                                                      00:06 [32m+147[0m: [VM, Source] test/sender_test.dart: Sender - Unit Tests SetupSocketSender() SetupSocketSender() with valid IP and port returns socket[0m                                                      00:06 [32m+148[0m: [VM, Source] test/sender_test.dart: Sender - Unit Tests SetupSocketSender() SetupSocketSender() with valid IP and port returns socket[0m                                                      00:06 [32m+149[0m: [VM, Source] test/sender_test.dart: Sender - Unit Tests SetupSocketSender() SetupSocketSender() with valid IP and port returns socket[0m                                                      00:06 [32m+150[0m: [VM, Source] test/sender_test.dart: Sender - Unit Tests SetupSocketSender() SetupSocketSender() with valid IP and port returns socket[0m                                                      00:06 [32m+151[0m: [VM, Source] test/sender_test.dart: Sender - Unit Tests SetupSocketSender() SetupSocketSender() with valid IP and port returns socket[0m                                                      00:06 [32m+152[0m: [VM, Source] test/sender_test.dart: Sender - Unit Tests SetupSocketSender() SetupSocketSender() with valid IP and port returns socket[0m                                                      00:06 [32m+153[0m: [VM, Source] test/sender_test.dart: Sender - Unit Tests SetupSocketSender() SetupSocketSender() with valid IP and port returns socket[0m                                                      00:06 [32m+154[0m: [VM, Source] test/sender_test.dart: Sender - Unit Tests SetupSocketSender() SetupSocketSender() with valid IP and port returns socket[0m                                                      00:06 [32m+155[0m: [VM, Source] test/sender_test.dart: Sender - Unit Tests SetupSocketSender() SetupSocketSender() with valid IP and port returns socket[0m                                                      00:06 [32m+156[0m: [VM, Source] test/sender_test.dart: Sender - Unit Tests SetupSocketSender() SetupSocketSender() with valid IP and port returns socket[0m                                                      00:06 [32m+157[0m: [VM, Source] test/sender_test.dart: Sender - Unit Tests SetupSocketSender() SetupSocketSender() with valid IP and port returns socket[0m                                                      00:06 [32m+158[0m: [VM, Source] test/sender_test.dart: Sender - Unit Tests SetupSocketSender() SetupSocketSender() with valid IP and port returns socket[0m                                                      00:06 [32m+159[0m: [VM, Source] test/sender_test.dart: Sender - Unit Tests SetupSocketSender() SetupSocketSender() with valid IP and port returns socket[0m                                                      00:06 [32m+160[0m: [VM, Source] test/sender_test.dart: Sender - Unit Tests SetupSocketSender() SetupSocketSender() with valid IP and port returns socket[0m                                                      00:06 [32m+161[0m: [VM, Source] test/sender_test.dart: Sender - Unit Tests SetupSocketSender() SetupSocketSender() with valid IP and port returns socket[0m                                                      00:06 [32m+162[0m: [VM, Source] test/sender_test.dart: Sender - Unit Tests SetupSocketSender() SetupSocketSender() with valid IP and port returns socket[0m                                                      00:06 [32m+163[0m: [VM, Source] test/sender_test.dart: Sender - Unit Tests SetupSocketSender() SetupSocketSender() with valid IP and port returns socket[0m                                                      00:06 [32m+164[0m: [VM, Source] test/sender_test.dart: Sender - Unit Tests SetupSocketSender() SetupSocketSender() with valid IP and port returns socket[0m                                                      00:06 [32m+165[0m: [VM, Source] test/sender_test.dart: Sender - Unit Tests SetupSocketSender() SetupSocketSender() with valid IP and port returns socket[0m                                                      00:06 [32m+166[0m: [VM, Source] test/sender_test.dart: Sender - Unit Tests SetupSocketSender() SetupSocketSender() with valid IP and port returns socket[0m                                                      00:06 [32m+167[0m: [VM, Source] test/sender_test.dart: Sender - Unit Tests SetupSocketSender() SetupSocketSender() with valid IP and port returns socket[0m                                                      00:06 [32m+168[0m: [VM, Source] test/sender_test.dart: Sender - Unit Tests SetupSocketSender() SetupSocketSender() with valid IP and port returns socket[0m                                                      00:06 [32m+169[0m: [VM, Source] test/sender_test.dart: Sender - Unit Tests SetupSocketSender() SetupSocketSender() with valid IP and port returns socket[0m                                                      00:06 [32m+170[0m: [VM, Source] test/sender_test.dart: Sender - Unit Tests SetupSocketSender() SetupSocketSender() with valid IP and port returns socket[0m                                                      00:06 [32m+171[0m: [VM, Source] test/sender_test.dart: Sender - Unit Tests SetupSocketSender() SetupSocketSender() with valid IP and port returns socket[0m                                                      00:06 [32m+172[0m: [VM, Source] test/sender_test.dart: Sender - Unit Tests SetupSocketSender() SetupSocketSender() with valid IP and port returns socket[0m                                                      00:06 [32m+173[0m: [VM, Source] test/sender_test.dart: Sender - Unit Tests SetupSocketSender() SetupSocketSender() with valid IP and port returns socket[0m                                                      00:06 [32m+174[0m: [VM, Source] test/sender_test.dart: Sender - Unit Tests SetupSocketSender() SetupSocketSender() with valid IP and port returns socket[0m                                                      00:06 [32m+175[0m: [VM, Source] test/sender_test.dart: Sender - Unit Tests SetupSocketSender() SetupSocketSender() with valid IP and port returns socket[0m                                                      00:06 [32m+176[0m: [VM, Source] test/sender_test.dart: Sender - Unit Tests SetupSocketSender() SetupSocketSender() with valid IP and port returns socket[0m                                                      00:06 [32m+177[0m: [VM, Source] test/sender_test.dart: Sender - Unit Tests SetupSocketSender() SetupSocketSender() with valid IP and port returns socket[0m                                                      00:06 [32m+178[0m: [VM, Source] test/sender_test.dart: Sender - Unit Tests SetupSocketSender() SetupSocketSender() with valid IP and port returns socket[0m                                                      00:06 [32m+179[0m: [VM, Source] test/sender_test.dart: Sender - Unit Tests SetupSocketSender() SetupSocketSender() with valid IP and port returns socket[0m                                                      00:06 [32m+180[0m: [VM, Source] test/sender_test.dart: Sender - Unit Tests SetupSocketSender() SetupSocketSender() with valid IP and port returns socket[0m                                                      00:06 [32m+181[0m: [VM, Source] test/sender_test.dart: Sender - Unit Tests SetupSocketSender() SetupSocketSender() with valid IP and port returns socket[0m                                                      00:06 [32m+182[0m: [VM, Source] test/sender_test.dart: Sender - Unit Tests SetupSocketSender() SetupSocketSender() with valid IP and port returns socket[0m                                                      00:06 [32m+183[0m: [VM, Source] test/sender_test.dart: Sender - Unit Tests SetupSocketSender() SetupSocketSender() with valid IP and port returns socket[0m                                                      00:06 [32m+184[0m: [VM, Source] test/sender_test.dart: Sender - Unit Tests SetupSocketSender() SetupSocketSender() with valid IP and port returns socket[0m                                                      00:06 [32m+185[0m: [VM, Source] test/sender_test.dart: Sender - Unit Tests SetupSocketSender() SetupSocketSender() with valid IP and port returns socket[0m                                                      00:06 [32m+186[0m: [VM, Source] test/sender_test.dart: Sender - Unit Tests SetupSocketSender() SetupSocketSender() with valid IP and port returns socket[0m                                                      00:07 [32m+186[0m: [VM, Source] test/sender_test.dart: Sender - Unit Tests SetupSocketSender() SetupSocketSender() with valid IP and port returns socket[0m                                                      00:07 [32m+187[0m: [VM, Source] test/sender_test.dart: Sender - Unit Tests SetupSocketSender() SetupSocketSender() with valid IP and port returns socket[0m                                                      00:07 [32m+188[0m: [VM, Source] test/sender_test.dart: Sender - Unit Tests SetupSocketSender() SetupSocketSender() with valid IP and port returns socket[0m                                                      00:07 [32m+189[0m: [VM, Source] test/sender_test.dart: Sender - Unit Tests SetupSocketSender() SetupSocketSender() with valid IP and port returns socket[0m                                                      00:07 [32m+190[0m: [VM, Source] test/sender_test.dart: Sender - Unit Tests SetupSocketSender() SetupSocketSender() with valid IP and port returns socket[0m                                                      00:07 [32m+191[0m: [VM, Source] test/sender_test.dart: Sender - Unit Tests SetupSocketSender() SetupSocketSender() with valid IP and port returns socket[0m                                                      00:07 [32m+192[0m: [VM, Source] test/sender_test.dart: Sender - Unit Tests SetupSocketSender() SetupSocketSender() with valid IP and port returns socket[0m                                                      00:07 [32m+193[0m: [VM, Source] test/sender_test.dart: Sender - Unit Tests SetupSocketSender() SetupSocketSender() with valid IP and port returns socket[0m                                                      00:07 [32m+194[0m: [VM, Source] test/sender_test.dart: Sender - Unit Tests SetupSocketSender() SetupSocketSender() with valid IP and port returns socket[0m                                                      00:07 [32m+195[0m: [VM, Source] test/sender_test.dart: Sender - Unit Tests SetupSocketSender() SetupSocketSender() with valid IP and port returns socket[0m                                                      00:07 [32m+196[0m: [VM, Source] test/sender_test.dart: Sender - Unit Tests SetupSocketSender() SetupSocketSender() with valid IP and port returns socket[0m                                                      00:07 [32m+197[0m: [VM, Source] test/sender_test.dart: Sender - Unit Tests SetupSocketSender() SetupSocketSender() with valid IP and port returns socket[0m                                                      00:07 [32m+198[0m: [VM, Source] test/sender_test.dart: Sender - Unit Tests SetupSocketSender() SetupSocketSender() with valid IP and port returns socket[0m                                                      00:07 [32m+199[0m: [VM, Source] test/sender_test.dart: Sender - Unit Tests SetupSocketSender() SetupSocketSender() with valid IP and port returns socket[0m                                                      00:07 [32m+200[0m: [VM, Source] test/sender_test.dart: Sender - Unit Tests SetupSocketSender() SetupSocketSender() with valid IP and port returns socket[0m                                                      00:07 [32m+201[0m: [VM, Source] test/sender_test.dart: Sender - Unit Tests SetupSocketSender() SetupSocketSender() with valid IP and port returns socket[0m                                                      00:07 [32m+202[0m: [VM, Source] test/sender_test.dart: Sender - Unit Tests SetupSocketSender() SetupSocketSender() with valid IP and port returns socket[0m                                                      00:07 [32m+203[0m: [VM, Source] test/sender_test.dart: Sender - Unit Tests SetupSocketSender() SetupSocketSender() with valid IP and port returns socket[0m                                                      00:07 [32m+204[0m: [VM, Source] test/sender_test.dart: Sender - Unit Tests SetupSocketSender() SetupSocketSender() with valid IP and port returns socket[0m                                                      00:07 [32m+205[0m: [VM, Source] test/sender_test.dart: Sender - Unit Tests SetupSocketSender() SetupSocketSender() with valid IP and port returns socket[0m                                                      00:07 [32m+206[0m: [VM, Source] test/sender_test.dart: Sender - Unit Tests SetupSocketSender() SetupSocketSender() with valid IP and port returns socket[0m                                                      00:07 [32m+207[0m: [VM, Source] test/sender_test.dart: Sender - Unit Tests SetupSocketSender() SetupSocketSender() with valid IP and port returns socket[0m                                                      00:07 [32m+208[0m: [VM, Source] test/sender_test.dart: Sender - Unit Tests SetupSocketSender() SetupSocketSender() with valid IP and port returns socket[0m                                                      00:07 [32m+209[0m: [VM, Source] test/sender_test.dart: Sender - Unit Tests SetupSocketSender() SetupSocketSender() with valid IP and port returns socket[0m                                                      00:07 [32m+210[0m: [VM, Source] test/sender_test.dart: Sender - Unit Tests SetupSocketSender() SetupSocketSender() with valid IP and port returns socket[0m                                                      00:08 [32m+210[0m: [VM, Source] test/sender_test.dart: Sender - Unit Tests SetupSocketSender() SetupSocketSender() with valid IP and port returns socket[0m                                                      00:09 [32m+210[0m: [VM, Source] test/sender_test.dart: Sender - Unit Tests SetupSocketSender() SetupSocketSender() with valid IP and port returns socket[0m                                                      00:10 [32m+210[0m: [VM, Source] test/sender_test.dart: Sender - Unit Tests SetupSocketSender() SetupSocketSender() with valid IP and port returns socket[0m                                                      00:11 [32m+210[0m: [VM, Source] test/sender_test.dart: Sender - Unit Tests SetupSocketSender() SetupSocketSender() with valid IP and port returns socket[0m                                                      00:12 [32m+210[0m: [VM, Source] test/sender_test.dart: Sender - Unit Tests SetupSocketSender() SetupSocketSender() with valid IP and port returns socket[0m                                                      00:13 [32m+210[0m: [VM, Source] test/sender_test.dart: Sender - Unit Tests SetupSocketSender() SetupSocketSender() with valid IP and port returns socket[0m                                                      00:14 [32m+210[0m: [VM, Source] test/sender_test.dart: Sender - Unit Tests SetupSocketSender() SetupSocketSender() with valid IP and port returns socket[0m                                                      00:15 [32m+210[0m: [VM, Source] test/sender_test.dart: Sender - Unit Tests SetupSocketSender() SetupSocketSender() with valid IP and port returns socket[0m                                                      00:16 [32m+210[0m: [VM, Source] test/sender_test.dart: Sender - Unit Tests SetupSocketSender() SetupSocketSender() with valid IP and port returns socket[0m                                                      00:17 [32m+210[0m: [VM, Source] test/sender_test.dart: Sender - Unit Tests SetupSocketSender() SetupSocketSender() with valid IP and port returns socket[0m                                                      00:18 [32m+210[0m: [VM, Source] test/sender_test.dart: Sender - Unit Tests SetupSocketSender() SetupSocketSender() with valid IP and port returns socket[0m                                                      00:19 [32m+210[0m: [VM, Source] test/sender_test.dart: Sender - Unit Tests SetupSocketSender() SetupSocketSender() with valid IP and port returns socket[0m                                                      00:20 [32m+210[0m: [VM, Source] test/sender_test.dart: Sender - Unit Tests SetupSocketSender() SetupSocketSender() with valid IP and port returns socket[0m                                                      00:21 [32m+210[0m: [VM, Source] test/sender_test.dart: Sender - Unit Tests SetupSocketSender() SetupSocketSender() with valid IP and port returns socket[0m                                                      00:22 [32m+210[0m: [VM, Source] test/sender_test.dart: Sender - Unit Tests SetupSocketSender() SetupSocketSender() with valid IP and port returns socket[0m                                                      00:23 [32m+210[0m: [VM, Source] test/sender_test.dart: Sender - Unit Tests SetupSocketSender() SetupSocketSender() with valid IP and port returns socket[0m                                                      00:24 [32m+210[0m: [VM, Source] test/sender_test.dart: Sender - Unit Tests SetupSocketSender() SetupSocketSender() with valid IP and port returns socket[0m                                                      00:25 [32m+210[0m: [VM, Source] test/sender_test.dart: Sender - Unit Tests SetupSocketSender() SetupSocketSender() with valid IP and port returns socket[0m                                                      00:26 [32m+210[0m: [VM, Source] test/sender_test.dart: Sender - Unit Tests SetupSocketSender() SetupSocketSender() with valid IP and port returns socket[0m                                                      00:27 [32m+210[0m: [VM, Source] test/sender_test.dart: Sender - Unit Tests SetupSocketSender() SetupSocketSender() with valid IP and port returns socket[0m                                                      00:28 [32m+210[0m: [VM, Source] test/sender_test.dart: Sender - Unit Tests SetupSocketSender() SetupSocketSender() with valid IP and port returns socket[0m                                                      00:29 [32m+210[0m: [VM, Source] test/sender_test.dart: Sender - Unit Tests SetupSocketSender() SetupSocketSender() with valid IP and port returns socket[0m                                                      00:30 [32m+210[0m: [VM, Source] test/sender_test.dart: Sender - Unit Tests SetupSocketSender() SetupSocketSender() with valid IP and port returns socket[0m                                                      00:31 [32m+210[0m: [VM, Source] test/sender_test.dart: Sender - Unit Tests SetupSocketSender() SetupSocketSender() with valid IP and port returns socket[0m                                                      00:32 [32m+210[0m: [VM, Source] test/sender_test.dart: Sender - Unit Tests SetupSocketSender() SetupSocketSender() with valid IP and port returns socket[0m                                                      00:32 [32m+210[0m[31m -1[0m: [VM, Source] test/sender_test.dart: Sender - Unit Tests SetupSocketSender() SetupSocketSender() with valid IP and port returns socket [1m[31m[E][0m[0m                                               
  TimeoutException after 0:00:30.000000: Test timed out after 30 seconds. See https://pub.dev/packages/test#timeouts
  dart:isolate  _RawReceivePort._handleMessage
  

[1m[36mTo run this test again:[0m dart test test/sender_test.dart -p vm --plain-name 'Sender - Unit Tests SetupSocketSender() SetupSocketSender() with valid IP and port returns socket'
00:32 [32m+210[0m[31m -1[0m: [VM, Source] test/sender_test.dart: Sender - Unit Tests SetupSocketSender() SetupSocketSender() handles invalid IP address[0m                                                              00:33 [32m+210[0m[31m -1[0m: [VM, Source] test/sender_test.dart: Sender - Unit Tests SetupSocketSender() SetupSocketSender() handles invalid IP address[0m                                                              00:34 [32m+210[0m[31m -1[0m: [VM, Source] test/sender_test.dart: Sender - Unit Tests SetupSocketSender() SetupSocketSender() handles invalid IP address[0m                                                              00:35 [32m+210[0m[31m -1[0m: [VM, Source] test/sender_test.dart: Sender - Unit Tests SetupSocketSender() SetupSocketSender() handles invalid IP address[0m                                                              00:36 [32m+210[0m[31m -1[0m: [VM, Source] test/sender_test.dart: Sender - Unit Tests SetupSocketSender() SetupSocketSender() handles invalid IP address[0m                                                              00:37 [32m+210[0m[31m -1[0m: [VM, Source] test/sender_test.dart: Sender - Unit Tests SetupSocketSender() SetupSocketSender() handles invalid IP address[0m                                                              00:38 [32m+210[0m[31m -1[0m: [VM, Source] test/sender_test.dart: Sender - Unit Tests SetupSocketSender() SetupSocketSender() handles invalid IP address[0m                                                              00:39 [32m+210[0m[31m -1[0m: [VM, Source] test/sender_test.dart: Sender - Unit Tests SetupSocketSender() SetupSocketSender() handles invalid IP address[0m                                                              00:40 [32m+210[0m[31m -1[0m: [VM, Source] test/sender_test.dart: Sender - Unit Tests SetupSocketSender() SetupSocketSender() handles invalid IP address[0m                                                              00:40 [32m+210[0m[31m -1[0m: [VM, Source] test/sender_test.dart: Sender - Unit Tests SetupSocketSender() SetupSocketSender() handles invalid IP address[0m                                                              
[1;31m[ERROR] Failed to connect to invalid_ip_address_xyz on port 9999 reason: Failed host lookup: 'invalid_ip_address_xyz'[0m
00:40 [32m+211[0m[31m -1[0m: [VM, Source] test/sender_test.dart: Sender - Unit Tests SetupSocketSender() SetupSocketSender() handles invalid IP address[0m                                                              00:40 [32m+211[0m[31m -1[0m: [VM, Source] test/sender_test.dart: Sender - Unit Tests SetupSocketSender() SetupSocketSender() handles connection to non-existent server[0m                                               00:40 [32m+211[0m[31m -1[0m: [VM, Source] test/sender_test.dart: Sender - Unit Tests SetupSocketSender() SetupSocketSender() handles connection to non-existent server[0m                                               
[1;31m[ERROR] Failed to connect to 127.0.0.1 on port 54321 reason: Connection refused[0m
00:40 [32m+212[0m[31m -1[0m: [VM, Source] test/sender_test.dart: Sender - Unit Tests SetupSocketSender() SetupSocketSender() handles connection to non-existent server[0m                                               00:40 [32m+212[0m[31m -1[0m: [VM, Source] test/sender_test.dart: Sender - Unit Tests _sendEntry() with different file types File entry for different file types[0m                                                      00:40 [32m+213[0m[31m -1[0m: [VM, Source] test/sender_test.dart: Sender - Unit Tests _sendEntry() with different file types File entry for different file types[0m                                                      00:40 [32m+213[0m[31m -1[0m: [VM, Source] test/sender_test.dart: Sender - Unit Tests _sendEntry() with different file types Directory entry creation[0m                                                                 00:40 [32m+214[0m[31m -1[0m: [VM, Source] test/sender_test.dart: Sender - Unit Tests _sendEntry() with different file types Directory entry creation[0m                                                                 00:40 [32m+214[0m[31m -1[0m: [VM, Source] test/sender_test.dart: Sender - Unit Tests _sendEntry() with different file types File entry with correct size[0m                                                             00:40 [32m+215[0m[31m -1[0m: [VM, Source] test/sender_test.dart: Sender - Unit Tests _sendEntry() with different file types File entry with correct size[0m                                                             00:40 [32m+215[0m[31m -1[0m: [VM, Source] test/sender_test.dart: Sender - Unit Tests _sendEntry() with different file types Large file entry representation[0m                                                          00:40 [32m+216[0m[31m -1[0m: [VM, Source] test/sender_test.dart: Sender - Unit Tests _sendEntry() with different file types Large file entry representation[0m                                                          00:40 [32m+216[0m[31m -1[0m: [VM, Source] test/sender_test.dart: Sender - Unit Tests Send() with different scenarios Send() with invalid input path returns gracefully[0m                                               00:40 [32m+217[0m[31m -1[0m: [VM, Source] test/sender_test.dart: Sender - Unit Tests Send() with different scenarios Send() with invalid input path returns gracefully[0m                                               00:40 [32m+217[0m[31m -1[0m: [VM, Source] test/sender_test.dart: Sender - Unit Tests Send() with different scenarios Send() with valid file but skipLookup=true[0m                                                      00:40 [32m+217[0m[31m -1[0m: [VM, Source] test/sender_test.dart: Sender - Unit Tests Send() with different scenarios Send() with valid file but skipLookup=true[0m                                                      
[1;31m[ERROR] Failed to connect to 127.0.0.1 on port 9999 reason: Connection refused[0m
00:40 [32m+218[0m[31m -1[0m: [VM, Source] test/sender_test.dart: Sender - Unit Tests Send() with different scenarios Send() with valid file but skipLookup=true[0m                                                      00:40 [32m+218[0m[31m -1[0m: [VM, Source] test/sender_test.dart: Sender - Unit Tests Send() with different scenarios Send() collects multiple files from directory[0m                                                   00:40 [32m+218[0m[31m -1[0m: [VM, Source] test/sender_test.dart: Sender - Unit Tests Send() with different scenarios Send() collects multiple files from directory[0m                                                   
[1;31m[ERROR] Failed to connect to 127.0.0.1 on port 9999 reason: Connection refused[0m
00:40 [32m+219[0m[31m -1[0m: [VM, Source] test/sender_test.dart: Sender - Unit Tests Send() with different scenarios Send() collects multiple files from directory[0m                                                   00:40 [32m+219[0m[31m -1[0m: [VM, Source] test/sender_test.dart: Sender - Unit Tests FindReceiver() discovery protocol FindReceiver() with broadcast disabled[0m                                                        00:40 [32m+219[0m[31m -1[0m: [VM, Source] test/sender_test.dart: Sender - Unit Tests FindReceiver() discovery protocol FindReceiver() with broadcast disabled[0m                                                        
[INFO] Find receiver, discovery port: 1970, bind port: 1971
01:10 [32m+219[0m[31m -2[0m: [VM, Source] test/sender_test.dart: Sender - Unit Tests FindReceiver() discovery protocol FindReceiver() with broadcast disabled [1m[31m[E][0m[0m                                                    
  TimeoutException after 0:00:30.000000: Test timed out after 30 seconds. See https://pub.dev/packages/test#timeouts
  dart:isolate  _RawReceivePort._handleMessage
  

[1m[36mTo run this test again:[0m dart test test/sender_test.dart -p vm --plain-name 'Sender - Unit Tests FindReceiver() discovery protocol FindReceiver() with broadcast disabled'
01:10 [32m+219[0m[31m -2[0m: [VM, Source] test/sender_test.dart: Sender - Unit Tests FindReceiver() discovery protocol FindReceiver() returns empty string on no discovery[0m                                           01:10 [32m+219[0m[31m -2[0m: [VM, Source] test/sender_test.dart: Sender - Unit Tests FindReceiver() discovery protocol FindReceiver() returns empty string on no discovery[0m                                           
[INFO] Find receiver, discovery port: 1970, bind port: 1971
01:40 [32m+219[0m[31m -3[0m: [VM, Source] test/sender_test.dart: Sender - Unit Tests FindReceiver() discovery protocol FindReceiver() returns empty string on no discovery [1m[31m[E][0m[0m                                       
  TimeoutException after 0:00:30.000000: Test timed out after 30 seconds. See https://pub.dev/packages/test#timeouts
  dart:isolate  _RawReceivePort._handleMessage
  

[1m[36mTo run this test again:[0m dart test test/sender_test.dart -p vm --plain-name 'Sender - Unit Tests FindReceiver() discovery protocol FindReceiver() returns empty string on no discovery'
01:40 [32m+219[0m[31m -3[0m: [VM, Source] test/sender_test.dart: Sender - Unit Tests FindReceiver() discovery protocol FindReceiver() handles UDP binding errors gracefully[0m                                          01:40 [32m+219[0m[31m -3[0m: [VM, Source] test/sender_test.dart: Sender - Unit Tests FindReceiver() discovery protocol FindReceiver() handles UDP binding errors gracefully[0m                                          
[INFO] Find receiver, discovery port: 1970, bind port: 1971
[1;31m[ERROR] Invalid argument(s): Invalid internet address invalid[0m
01:40 [32m+220[0m[31m -3[0m: [VM, Source] test/sender_test.dart: Sender - Unit Tests FindReceiver() discovery protocol FindReceiver() handles UDP binding errors gracefully[0m                                          01:40 [32m+220[0m[31m -3[0m: [VM, Source] test/sender_test.dart: Sender - Integration Tests Complete file transfer flow with single file[0m                                                                             01:40 [32m+221[0m[31m -3[0m: [VM, Source] test/sender_test.dart: Sender - Integration Tests Complete file transfer flow with single file[0m                                                                             01:40 [32m+221[0m[31m -3[0m: [VM, Source] test/sender_test.dart: Sender - Integration Tests Directory structure collection with nested files[0m                                                                         01:40 [32m+222[0m[31m -3[0m: [VM, Source] test/sender_test.dart: Sender - Integration Tests Directory structure collection with nested files[0m                                                                         01:40 [32m+222[0m[31m -3[0m: [VM, Source] test/sender_test.dart: Sender - Integration Tests File hashing consistency[0m                                                                                                 01:40 [32m+223[0m[31m -3[0m: [VM, Source] test/sender_test.dart: Sender - Integration Tests File hashing consistency[0m                                                                                                 01:40 [32m+223[0m[31m -3[0m: [VM, Source] test/sender_test.dart: Sender - Integration Tests Multiple files with different sizes[0m                                                                                      01:40 [32m+224[0m[31m -3[0m: [VM, Source] test/sender_test.dart: Sender - Integration Tests Multiple files with different sizes[0m                                                                                      01:40 [32m+224[0m[31m -3[0m: [VM, Source] test/sender_test.dart: Sender - Integration Tests Protocol message encoding for file transfer[0m                                                                              01:40 [32m+225[0m[31m -3[0m: [VM, Source] test/sender_test.dart: Sender - Integration Tests Protocol message encoding for file transfer[0m                                                                              01:40 [32m+225[0m[31m -3[0m: [VM, Source] test/sender_test.dart: Sender - Integration Tests Empty directory transfer representation[0m                                                                                  01:40 [32m+226[0m[31m -3[0m: [VM, Source] test/sender_test.dart: Sender - Integration Tests Empty directory transfer representation[0m                                                                                  01:40 [32m+226[0m[31m -3[0m: [VM, Source] test/sender_test.dart: Sender - Integration Tests File entry creation for various path types[0m                                                                               01:40 [32m+227[0m[31m -3[0m: [VM, Source] test/sender_test.dart: Sender - Integration Tests File entry creation for various path types[0m                                                                               01:40 [32m+227[0m[31m -3[0m: [VM, Source] test/sender_test.dart: Sender - Integration Tests Large file chunking simulation[0m                                                                                           01:40 [32m+228[0m[31m -3[0m: [VM, Source] test/sender_test.dart: Sender - Integration Tests Large file chunking simulation[0m                                                                                           01:40 [32m+228[0m[31m -3[0m: [VM, Source] test/sender_test.dart: Sender - Integration Tests Transfer complete frame encoding[0m                                                                                         01:40 [32m+229[0m[31m -3[0m: [VM, Source] test/sender_test.dart: Sender - Integration Tests Transfer complete frame encoding[0m                                                                                         01:40 [32m+229[0m[31m -3[0m: [VM, Source] test/sender_test.dart: Sender - Integration Tests Mixed content directory structure[0m                                                                                        01:40 [32m+230[0m[31m -3[0m: [VM, Source] test/sender_test.dart: Sender - Integration Tests Mixed content directory structure[0m                                                                                        01:40 [32m+230[0m[31m -3[0m: [VM, Source] test/sender_test.dart: Sender - Error Handling Socket cleanup on error[0m                                                                                                     01:40 [32m+231[0m[31m -3[0m: [VM, Source] test/sender_test.dart: Sender - Error Handling Socket cleanup on error[0m                                                                                                     01:40 [32m+231[0m[31m -3[0m: [VM, Source] test/sender_test.dart: Sender - Error Handling FileEntry with zero-size file[0m                                                                                               01:40 [32m+232[0m[31m -3[0m: [VM, Source] test/sender_test.dart: Sender - Error Handling FileEntry with zero-size file[0m                                                                                               01:40 [32m+232[0m[31m -3[0m: [VM, Source] test/sender_test.dart: Sender - Error Handling Path normalization for different separators[0m                                                                                 01:40 [32m+233[0m[31m -3[0m: [VM, Source] test/sender_test.dart: Sender - Error Handling Path normalization for different separators[0m                                                                                 01:40 [32m+233[0m[31m -3[0m: [31mSome tests failed.[0m                                                                                                                                                                      

Consider enabling the flag chain-stack-traces to receive more detailed exceptions.
For example, 'dart test --chain-stack-traces'.
